// Jest Snapshot v1, https://goo.gl/fbAQLP

exports[`snapshotの単体テスト 正しくレンダリングされる 1`] = `
<DocumentFragment>
  <h1>
    Hello
  </h1>
</DocumentFragment>
`;
